// Jest Snapshot v1, https://goo.gl/fbAQLP

exports[`should render character list component 1`] = `
<div>
  <div
    class="character-list-container"
  >
    <ul
      aria-label="characterList"
      class="characterList"
    >
      <li
        class="listItem"
      >
        <figure
          aria-label="character"
        >
          <img
            alt="Ted-Rodent"
            src="https://hips.hearstapps.com/digitalspyuk.cdnds.net/17/20/1495207668-keanu-reeves-bill-bill-and-ted.jpg"
          />
          <div
            class="details"
          >
            <h3>
              Ted
            </h3>
            <p>
              Rodent
               | 
              Unknown
            </p>
            <p>
              Origin: 
              Wisconsin
            </p>
            <p>
              Status: 
              Coasting
            </p>
          </div>
        </figure>
      </li>
      <li
        class="listItem"
      >
        <figure
          aria-label="character"
        >
          <img
            alt="Bill-Rodent"
            src="https://upload.wikimedia.org/wikipedia/commons/thumb/f/f1/Bill_Murray-8882.jpg/440px-Bill_Murray-8882.jpg"
          />
          <div
            class="details"
          >
            <h3>
              Bill
            </h3>
            <p>
              Rodent
               | 
              Unknown
            </p>
            <p>
              Origin: 
              Wisconsin
            </p>
            <p>
              Status: 
              Coasting
            </p>
          </div>
        </figure>
      </li>
    </ul>
  </div>
</div>
`;
